Microchip MPLAB XC8 Compiler V2.40

Linker command line:

-W-3 \
  --edf=C:\Program Files\Microchip\xc8\v2.40\pic\dat\20220703182018_en.msgs \
  -cn -h+dist/default/production\Simple_Control.X.production.sym \
  --cmf=dist/default/production\Simple_Control.X.production.cmf -z \
  -Q16F877A -oC:\Users\PC-SHOP\AppData\Local\Temp\xcAs49g.4 \
  --defsym=__MPLAB_BUILD=1 --fixupoverflow=error \
  -Mdist/default/production/Simple_Control.X.production.map \
  --md=C:\Users\PC-SHOP\AppData\Local\Temp\xcAs49g.dat -E1 \
  -ver=XC8 Compiler --acfsm=1493 -ACODE=00h-07FFhx4 -ASTRCODE=00h-01FFFh \
  -ASTRING=00h-0FFhx32 -ACONST=00h-0FFhx32 -AENTRY=00h-0FFhx32 \
  -ACOMMON=070h-07Fh -ABANK0=020h-06Fh -ABANK1=0A0h-0EFh \
  -ABANK2=0110h-016Fh -ABANK3=0190h-01EFh \
  -ARAM=020h-06Fh,0A0h-0EFh,0110h-016Fh,0190h-01EFh \
  -AABS1=020h-07Fh,0A0h-0EFh,0110h-016Fh,0190h-01EFh -ASFR0=00h-01Fh \
  -ASFR1=080h-09Fh -ASFR2=0100h-010Fh -ASFR3=0180h-018Fh \
  -ACONFIG=02007h-02007h -DCONFIG=2 -AIDLOC=02000h-02003h -DIDLOC=2 \
  -AEEDATA=00h-0FFh/02100h -peeprom_data=EEDATA -DEEDATA=2 -DCODE=2 \
  -DSTRCODE=2 -DSTRING=2 -DCONST=2 -DENTRY=2 \
  -preset_vec=00h,intentry,init,end_init -ppowerup=CODE -pcinit=CODE \
  -pfunctab=ENTRY -k C:\Users\PC-SHOP\AppData\Local\Temp\xcAs49g.o \
  dist/default/production\Simple_Control.X.production.o 

Object code version is 3.11

Machine type is 16F877A



                Name                               Link     Load   Length Selector   Space Scale
C:\Users\PC-SHOP\AppData\Local\Temp\xcAs49g.o
                end_init                              0        0        3        0       0
                config                             2007     2007        1        0       4
                idloc                              2000     2000        4        0       5
dist/default/production\Simple_Control.X.production.o
                cinit                               7F9      7F9        7      FF2       0
                config                             2007     2007        1        0       4
                idloc                              2000     2000        4        0       5
                text11                              496      496       22      92C       0
                text10                              45B      45B       1A      8B6       0
                text9                               44E      44E        D      89C       0
                text8                               661      661       6D      CC2       0
                text7                               502      502       45      A04       0
                text6                               547      547       4F      A8E       0
                text5                               4B8      4B8       25      970       0
                text4                               475      475       21      8EA       0
                text3                               5F8      5F8       69      BF0       0
                text2                               4DD      4DD       25      9BA       0
                text1                               596      596       62      B2C       0
                maintext                            6CE      6CE      12B      D9C       0
                cstackBANK0                          20       20        B       20       1
                cstackCOMMON                         70       70        E       70       1
                bssBANK0                             2B       2B        1       20       1
                strings                               3        3       51        6       0

TOTAL           Name                               Link     Load   Length     Space
        CLASS   CODE           
                end_init                              0        0        3         0
                cinit                               7F9      7F9        7         0
                text11                              496      496       22         0
                text10                              45B      45B       1A         0
                text9                               44E      44E        D         0
                text8                               661      661       6D         0
                text7                               502      502       45         0
                text6                               547      547       4F         0
                text5                               4B8      4B8       25         0
                text4                               475      475       21         0
                text3                               5F8      5F8       69         0
                text2                               4DD      4DD       25         0
                text1                               596      596       62         0
                maintext                            6CE      6CE      12B         0

        CLASS   STRCODE        

        CLASS   STRING         
                strings                               3        3       51         0

        CLASS   CONST          

        CLASS   ENTRY          

        CLASS   COMMON         
                cstackCOMMON                         70       70        E         1

        CLASS   BANK0          
                cstackBANK0                          20       20        B         1
                bssBANK0                             2B       2B        1         1

        CLASS   BANK1          

        CLASS   BANK2          

        CLASS   BANK3          

        CLASS   RAM            

        CLASS   ABS1           
                abs_s1                               7E       7E        2         1

        CLASS   SFR0           

        CLASS   SFR1           

        CLASS   SFR2           

        CLASS   SFR3           

        CLASS   CONFIG         
                config                             2007     2007        1         4

        CLASS   IDLOC          
                idloc                              2000     2000        4         5

        CLASS   EEDATA         

        CLASS   STACK          



SEGMENTS        Name                           Load    Length   Top    Selector   Space  Class     Delta

                reset_vec                      000000  000003  000003         0       0  CODE        2
                strings                        000003  000051  000054         6       0  STRING      2
                cstackBANK0                    000020  00000C  00002C        20       1  BANK0       1
                cstackCOMMON                   000070  00000E  00007E        70       1  COMMON      1
                text9                          00044E  00000D  00045B       89C       0  CODE        2
                text10                         00045B  00001A  000475       8B6       0  CODE        2
                text4                          000475  000021  000496       8EA       0  CODE        2
                text11                         000496  000022  0004B8       92C       0  CODE        2
                text5                          0004B8  000025  0004DD       970       0  CODE        2
                text2                          0004DD  000025  000502       9BA       0  CODE        2
                text7                          000502  000045  000547       A04       0  CODE        2
                text6                          000547  00004F  000596       A8E       0  CODE        2
                text1                          000596  000062  0005F8       B2C       0  CODE        2
                text3                          0005F8  000069  000661       BF0       0  CODE        2
                text8                          000661  00006D  0006CE       CC2       0  CODE        2
                maintext                       0006CE  00012B  0007F9       D9C       0  CODE        2
                cinit                          0007F9  000007  000800       FF2       0  CODE        2


UNUSED ADDRESS RANGES

        Name                Unused          Largest block    Delta
        BANK0            002C-006F             44           1
        BANK1            00A0-00EF             50           1
        BANK2            0110-016F             60           1
        BANK3            0190-01EF             60           1
        CODE             0054-044D            3FA           2
                         0800-1FFF            800
        CONST            0054-044D            100           2
                         0800-1FFF            100
        EEDATA           2100-21FF            100           2
        ENTRY            0054-044D            100           2
                         0800-1FFF            100
        RAM              002C-006F             44           1
                         00A0-00EF             50
                         0110-016F             60
                         0190-01EF             60
        SFR0             0000-001F             20           1
        SFR1             0080-009F             20           1
        SFR2             0100-010F             10           1
        SFR3             0180-018F             10           1
        STRCODE          0054-044D            3FA           2
                         0800-1FFF           1800
        STRING           0054-044D            100           2
                         0800-1FFF            100

                                  Symbol Table

?___awdiv                 cstackCOMMON 0076
?___wmul                  cstackCOMMON 0070
LCD_CMD@CMD               cstackCOMMON 0073
LCD_DATA@Data             cstackCOMMON 0070
LCD_Set_Cursor@High4      cstackCOMMON 0078
LCD_Set_Cursor@Low4       cstackCOMMON 0077
LCD_Set_Cursor@Temp       cstackCOMMON 0079
LCD_Set_Cursor@c          cstackCOMMON 0074
LCD_Set_Cursor@r          cstackCOMMON 0076
LCD_Write_Char@Data       cstackCOMMON 0075
LCD_Write_Char@High4      cstackCOMMON 0074
LCD_Write_Char@Low4       cstackCOMMON 0073
LCD_Write_String@i        cstackCOMMON 0076
LCD_Write_String@str      cstackCOMMON 0078
PWM_DEGREE@DC             cstackCOMMON 0070
Step_Right_Angle@angle    cstackBANK0  0024
Step_Right_Angle@j        cstackBANK0  0025
Step_Right_Angle@no_step  cstackBANK0  0027
_CCP1M2                   (abs)        00BA
_CCP1M3                   (abs)        00BB
_CCP1X                    (abs)        00BD
_CCP1Y                    (abs)        00BC
_CCPR1L                   (abs)        0015
_LCD_CMD                  text10       045B
_LCD_Clear                text9        044E
_LCD_DATA                 text11       0496
_LCD_Init                 text8        0661
_LCD_Set_Cursor           text7        0502
_LCD_Write_Char           text6        0547
_LCD_Write_String         text5        04B8
_PORTA                    (abs)        0005
_PR2                      (abs)        0092
_PWM_DEGREE               text4        0475
_RB0                      (abs)        0030
_RB1                      (abs)        0031
_RB2                      (abs)        0032
_RB3                      (abs)        0033
_RB4                      (abs)        0034
_RB5                      (abs)        0035
_RD0                      (abs)        0040
_RD1                      (abs)        0041
_RD2                      (abs)        0042
_RD3                      (abs)        0043
_RD4                      (abs)        0044
_RD5                      (abs)        0045
_RD6                      (abs)        0046
_Step_Right_Angle         text1        0596
_T2CKPS0                  (abs)        0090
_T2CKPS1                  (abs)        0091
_TMR2ON                   (abs)        0092
_TRISA                    (abs)        0085
_TRISB                    (abs)        0086
_TRISB4                   (abs)        0434
_TRISB5                   (abs)        0435
_TRISC2                   (abs)        043A
_TRISD                    (abs)        0088
_TRISD0                   (abs)        0440
_TRISD1                   (abs)        0441
__Habs1                   abs1         0000
__Hbank0                  bank0        0000
__Hbank1                  bank1        0000
__Hbank2                  bank2        0000
__Hbank3                  bank3        0000
__HbssBANK0               bssBANK0     0000
__Hcinit                  cinit        0800
__Hclrtext                clrtext      0000
__Hcode                   code         0000
__Hcommon                 common       0000
__Hconfig                 config       2008
__HcstackBANK0            cstackBANK0  0000
__HcstackCOMMON           cstackCOMMON 0000
__Heeprom_data            eeprom_data  0000
__Hend_init               end_init     0003
__Hfunctab                functab      0000
__Hidloc                  idloc        2004
__Hinit                   init         0000
__Hintentry               intentry     0000
__Hmaintext               maintext     0000
__Hpowerup                powerup      0000
__Hram                    ram          0000
__Hreset_vec              reset_vec    0000
__Hsfr0                   sfr0         0000
__Hsfr1                   sfr1         0000
__Hsfr2                   sfr2         0000
__Hsfr3                   sfr3         0000
__Hspace_0                (abs)        0800
__Hspace_1                (abs)        007E
__Hspace_2                (abs)        0000
__Hspace_3                (abs)        0000
__Hspace_4                (abs)        400F
__Hstack                  stack        0000
__Hstrings                strings      0000
__Htext                   text         0000
__Labs1                   abs1         0000
__Lbank0                  bank0        0000
__Lbank1                  bank1        0000
__Lbank2                  bank2        0000
__Lbank3                  bank3        0000
__LbssBANK0               bssBANK0     0000
__Lcinit                  cinit        07F9
__Lclrtext                clrtext      0000
__Lcode                   code         0000
__Lcommon                 common       0000
__Lconfig                 config       0000
__LcstackBANK0            cstackBANK0  0000
__LcstackCOMMON           cstackCOMMON 0000
__Leeprom_data            eeprom_data  0000
__Lend_init               end_init     0000
__Lfunctab                functab      0000
__Lidloc                  idloc        0000
__Linit                   init         0000
__Lintentry               intentry     0000
__Lmaintext               maintext     0000
__Lpowerup                powerup      0000
__Lram                    ram          0000
__Lreset_vec              reset_vec    0000
__Lsfr0                   sfr0         0000
__Lsfr1                   sfr1         0000
__Lsfr2                   sfr2         0000
__Lsfr3                   sfr3         0000
__Lspace_0                (abs)        0000
__Lspace_1                (abs)        0000
__Lspace_2                (abs)        0000
__Lspace_3                (abs)        0000
__Lspace_4                (abs)        0000
__Lstack                  stack        0000
__Lstrings                strings      0000
__Ltext                   text         0000
__S0                      (abs)        0800
__S1                      (abs)        007E
__S3                      (abs)        0000
___awdiv                  text3        05F8
___awdiv@counter          cstackBANK0  0020
___awdiv@dividend         cstackCOMMON 0078
___awdiv@divisor          cstackCOMMON 0076
___awdiv@quotient         cstackBANK0  0022
___awdiv@sign             cstackBANK0  0021
___int_sp                 stack        0000
___latbits                (abs)        0002
___sp                     stack        0000
___stackhi                (abs)        0000
___stacklo                (abs)        0000
___wmul                   text2        04DD
___wmul@multiplicand      cstackCOMMON 0072
___wmul@multiplier        cstackCOMMON 0070
___wmul@product           cstackCOMMON 0074
__end_of_LCD_CMD          text10       0475
__end_of_LCD_Clear        text9        045B
__end_of_LCD_DATA         text11       04B8
__end_of_LCD_Init         text8        06CE
__end_of_LCD_Set_Cursor   text7        0547
__end_of_LCD_Write_Char   text6        0596
__end_of_LCD_Write_String text5        04DD
__end_of_PWM_DEGREE       text4        0496
__end_of_Step_Right_Angle text1        05F8
__end_of___awdiv          text3        0661
__end_of___wmul           text2        0502
__end_of__initialization  cinit        07FC
__end_of__stringtab       strings      0009
__end_of_main             maintext     07F9
__initialization          cinit        07F9
__pbssBANK0               bssBANK0     002B
__pcstackBANK0            cstackBANK0  0020
__pcstackCOMMON           cstackCOMMON 0070
__pmaintext               maintext     06CE
__pstrings                strings      0003
__ptext1                  text1        0596
__ptext10                 text10       045B
__ptext11                 text11       0496
__ptext2                  text2        04DD
__ptext3                  text3        05F8
__ptext4                  text4        0475
__ptext5                  text5        04B8
__ptext6                  text6        0547
__ptext7                  text7        0502
__ptext8                  text8        0661
__ptext9                  text9        044E
__stringbase              strings      0008
__stringtab               strings      0003
_i                        bssBANK0     002B
_main                     maintext     06CE
btemp                     (abs)        007E
end_of_initialization     cinit        07FC
intlevel0                 functab      0000
intlevel1                 functab      0000
intlevel2                 functab      0000
intlevel3                 functab      0000
intlevel4                 functab      0000
intlevel5                 functab      0000
reset_vec                 reset_vec    0000
start                     init         0000
start_initialization      cinit        07F9
wtemp0                    (abs)        007E


MODULE INFORMATION

Module		Function		Class		Link	Load	Size
C:\Program Files\Microchip\xc8\v2.40\pic\sources\c90\common\awdiv.c
		___awdiv       		CODE           	05F8	0000	105

C:\Program Files\Microchip\xc8\v2.40\pic\sources\c90\common\awdiv.c estimated size: 105

C:\Program Files\Microchip\xc8\v2.40\pic\sources\c90\common\Umul16.c
		___wmul        		CODE           	04DD	0000	37

C:\Program Files\Microchip\xc8\v2.40\pic\sources\c90\common\Umul16.c estimated size: 37

shared
		__stringtab    		STRING         	0003	0000	6
		__initialization		CODE           	07F9	0000	3

shared estimated size: 9

main.c
		_main          		CODE           	06CE	0000	299
		_Step_Right_Angle		CODE           	0596	0000	98
		_PWM_DEGREE    		CODE           	0475	0000	33

main.c estimated size: 430

LCD.c
		_LCD_Init      		CODE           	0661	0000	109
		_LCD_Write_Char		CODE           	0547	0000	79
		_LCD_CMD       		CODE           	045B	0000	26
		_LCD_DATA      		CODE           	0496	0000	34
		_LCD_Set_Cursor		CODE           	0502	0000	69
		_LCD_Clear     		CODE           	044E	0000	13
		_LCD_Write_String		CODE           	04B8	0000	37

LCD.c estimated size: 367

